[17:38:55] [ServerMain/INFO]: [bootstrap] Running Java 21 (OpenJDK 64-Bit Server VM 21.0.11+10-LTS; Microsoft Microsoft-13877187) on Linux 7.1.8-200.fc44.x86_64 (amd64)
[17:38:55] [ServerMain/INFO]: [bootstrap] Loading Paper 1.21.1-133-ver/1.21.1@3cb8529 (2025-03-28T16:14:36Z) for Minecraft 1.21.1
[17:38:55] [ServerMain/INFO]: [PluginInitializerManager] Initializing plugins...
[17:38:55] [Paper Plugin Remapper Thread - 2/INFO]: [PluginRemapper] Remapping plugin '/home/moi/Bureau/dev/projets/DustExchange/build/libs/DustExchange-1.0-SNAPSHOT.jar'...
[17:38:56] [Paper Plugin Remapper Thread - 2/INFO]: [PluginRemapper] Done remapping plugin '/home/moi/Bureau/dev/projets/DustExchange/build/libs/DustExchange-1.0-SNAPSHOT.jar' in 321ms.
[17:38:56] [ServerMain/INFO]: [PluginInitializerManager] Initialized 1 plugin
[17:38:56] [ServerMain/INFO]: [PluginInitializerManager] Bukkit plugins (1):
 - DustExchange (1.0-SNAPSHOT)
[17:38:59] [ServerMain/INFO]: Environment: Environment[sessionHost=https://sessionserver.mojang.com, servicesHost=https://api.minecraftservices.com, name=PROD]
[17:38:59] [ServerMain/INFO]: Found new data pack file/bukkit, loading it automatically
[17:38:59] [ServerMain/INFO]: Found new data pack paper, loading it automatically
[17:38:59] [ServerMain/INFO]: No existing world data, creating new world
[17:39:00] [ServerMain/INFO]: Loaded 1290 recipes
[17:39:00] [ServerMain/INFO]: Loaded 1399 advancements
[17:39:00] [Server thread/INFO]: Starting minecraft server version 1.21.1
[17:39:00] [Server thread/INFO]: Loading properties
[17:39:00] [Server thread/INFO]: This server is running Paper version 1.21.1-133-ver/1.21.1@3cb8529 (2025-03-28T16:14:36Z) (Implementing API version 1.21.1-R0.1-SNAPSHOT)
[17:39:01] [Server thread/INFO]: [spark] This server bundles the spark profiler. For more information please visit https://docs.papermc.io/paper/profiling
[17:39:01] [Server thread/INFO]: Server Ping Player Sample Count: 12
[17:39:01] [Server thread/INFO]: Using 4 threads for Netty based IO
[17:39:01] [Server thread/INFO]: [ChunkTaskScheduler] Chunk system is using 1 I/O threads, 1 worker threads, and population gen parallelism of 1 threads
[17:39:02] [Server thread/INFO]: Default game type: SURVIVAL
[17:39:02] [Server thread/INFO]: Generating keypair
[17:39:02] [Server thread/INFO]: Starting Minecraft server on *:25565
[17:39:02] [Server thread/INFO]: Using epoll channel type
[17:39:02] [Server thread/INFO]: Paper: Using libdeflate (Linux x86_64) compression from Velocity.
[17:39:02] [Server thread/INFO]: Paper: Using OpenSSL 3.x.x (Linux x86_64) cipher from Velocity.
[17:39:02] [Server thread/INFO]: [DustExchange] Loading server plugin DustExchange v1.0-SNAPSHOT
[17:39:02] [Server thread/INFO]: Preparing level "world"
[17:39:10] [Server thread/INFO]: Preparing start region for dimension minecraft:overworld
[17:39:16] [Server thread/INFO]: Time elapsed: 5330 ms
[17:39:16] [Server thread/INFO]: Preparing start region for dimension minecraft:the_nether
[17:39:17] [Server thread/INFO]: Time elapsed: 1299 ms
[17:39:17] [Server thread/INFO]: Preparing start region for dimension minecraft:the_end
[17:39:17] [Server thread/INFO]: Time elapsed: 440 ms
[17:39:17] [Server thread/INFO]: [DustExchange] Enabling DustExchange v1.0-SNAPSHOT
[17:39:17] [Server thread/INFO]: [spark] Starting background profiler...
[17:39:18] [Server thread/INFO]: Done preparing level "world" (15.794s)
[17:39:18] [Server thread/INFO]: Running delayed init tasks
[17:39:18] [Server thread/INFO]: Done (23.112s)! For help, type "help"
[17:39:18] [Server thread/INFO]: *************************************************************************************
[17:39:18] [Server thread/INFO]: This is the first time you're starting this server.
[17:39:18] [Server thread/INFO]: It's recommended you read our 'Getting Started' documentation for guidance.
[17:39:18] [Server thread/INFO]: View this and more helpful information here: https://docs.papermc.io/paper/next-steps
[17:39:18] [Server thread/INFO]: *************************************************************************************
[17:39:18] [Server thread/INFO]: Timings Reset
